// Jest Snapshot v1, https://goo.gl/fbAQLP

exports[`<Posts/> Should match snapshot 1`] = `
<div
  class="posts"
>
  <div
    class="post-card"
  >
    <img
      alt="Title 1"
      src="img/cover1.png"
    />
    <div
      class="post-content"
    >
      <h1>
        Title 1
         
        1
      </h1>
      <p>
        Body 1
      </p>
    </div>
  </div>
  <div
    class="post-card"
  >
    <img
      alt="Title 2"
      src="img/cover2.png"
    />
    <div
      class="post-content"
    >
      <h1>
        Title 2
         
        2
      </h1>
      <p>
        Body 2
      </p>
    </div>
  </div>
  <div
    class="post-card"
  >
    <img
      alt="Title 3"
      src="img/cover3.png"
    />
    <div
      class="post-content"
    >
      <h1>
        Title 3
         
        3
      </h1>
      <p>
        Body 3
      </p>
    </div>
  </div>
</div>
`;
